// Vitest Snapshot v1, https://vitest.dev/guide/snapshot.html

exports[`compositeMask and trail regression baseline > is unchanged in shape when a blur floor is configured 1`] = `
"--- t=0 ---
set:fillStyle("#000000")
fillRect(0, 0, 1080, 1920)
save()
set:globalAlpha(0.7000)
drawImage(<Object>, 0, 0)
restore()
save()
drawImage(<Object>, 0, 0)
restore()
save()
set:globalAlpha(0.0700)
set:strokeStyle("#ffffff")
set:lineWidth(90)
set:lineCap("round")
set:lineJoin("round")
beginPath()
moveTo(540, 800)
stroke()
restore()
--- t=400 ---
set:fillStyle("#000000")
fillRect(0, 0, 1080, 1920)
save()
set:globalAlpha(0.7000)
drawImage(<Object>, 0, 0)
restore()
save()
drawImage(<Object>, 0, 0)
restore()
save()
set:globalAlpha(0.0700)
set:strokeStyle("#ffffff")
set:lineWidth(90)
set:lineCap("round")
set:lineJoin("round")
beginPath()
moveTo(540, 800)
stroke()
restore()
--- t=1200 ---
set:fillStyle("#000000")
fillRect(0, 0, 1080, 1920)
save()
set:globalAlpha(0.7000)
drawImage(<Object>, 0, 0)
restore()
save()
drawImage(<Object>, 0, 0)
restore()
save()
set:globalAlpha(0.0700)
set:strokeStyle("#ffffff")
set:lineWidth(90)
set:lineCap("round")
set:lineJoin("round")
beginPath()
moveTo(540, 800)
stroke()
restore()
--- t=2400 ---
set:fillStyle("#000000")
fillRect(0, 0, 1080, 1920)
save()
set:globalAlpha(0.7000)
drawImage(<Object>, 0, 0)
restore()
save()
drawImage(<Object>, 0, 0)
restore()
save()
set:globalAlpha(0.0700)
set:strokeStyle("#ffffff")
set:lineWidth(90)
set:lineCap("round")
set:lineJoin("round")
beginPath()
moveTo(540, 800)
stroke()
restore()
--- t=2900 ---
set:fillStyle("#000000")
fillRect(0, 0, 1080, 1920)
save()
set:globalAlpha(0.7000)
drawImage(<Object>, 0, 0)
restore()
save()
drawImage(<Object>, 0, 0)
restore()
save()
set:globalAlpha(0.0700)
set:strokeStyle("#ffffff")
set:lineWidth(90)
set:lineCap("round")
set:lineJoin("round")
beginPath()
moveTo(540, 800)
stroke()
restore()"
`;

exports[`compositeMask and trail regression baseline > produces a stable call stream 1`] = `
"--- t=0 ---
set:fillStyle("#000000")
fillRect(0, 0, 1080, 1920)
save()
set:globalAlpha(0.7000)
drawImage(<Object>, 0, 0)
restore()
save()
drawImage(<Object>, 0, 0)
restore()
save()
set:globalAlpha(0.0700)
set:strokeStyle("#ffffff")
set:lineWidth(90)
set:lineCap("round")
set:lineJoin("round")
beginPath()
moveTo(540, 800)
stroke()
restore()
--- t=400 ---
set:fillStyle("#000000")
fillRect(0, 0, 1080, 1920)
save()
set:globalAlpha(0.7000)
drawImage(<Object>, 0, 0)
restore()
save()
drawImage(<Object>, 0, 0)
restore()
save()
set:globalAlpha(0.0700)
set:strokeStyle("#ffffff")
set:lineWidth(90)
set:lineCap("round")
set:lineJoin("round")
beginPath()
moveTo(540, 800)
stroke()
restore()
--- t=1200 ---
set:fillStyle("#000000")
fillRect(0, 0, 1080, 1920)
save()
set:globalAlpha(0.7000)
drawImage(<Object>, 0, 0)
restore()
save()
drawImage(<Object>, 0, 0)
restore()
save()
set:globalAlpha(0.0700)
set:strokeStyle("#ffffff")
set:lineWidth(90)
set:lineCap("round")
set:lineJoin("round")
beginPath()
moveTo(540, 800)
stroke()
restore()
--- t=2400 ---
set:fillStyle("#000000")
fillRect(0, 0, 1080, 1920)
save()
set:globalAlpha(0.7000)
drawImage(<Object>, 0, 0)
restore()
save()
drawImage(<Object>, 0, 0)
restore()
save()
set:globalAlpha(0.0700)
set:strokeStyle("#ffffff")
set:lineWidth(90)
set:lineCap("round")
set:lineJoin("round")
beginPath()
moveTo(540, 800)
stroke()
restore()
--- t=2900 ---
set:fillStyle("#000000")
fillRect(0, 0, 1080, 1920)
save()
set:globalAlpha(0.7000)
drawImage(<Object>, 0, 0)
restore()
save()
drawImage(<Object>, 0, 0)
restore()
save()
set:globalAlpha(0.0700)
set:strokeStyle("#ffffff")
set:lineWidth(90)
set:lineCap("round")
set:lineJoin("round")
beginPath()
moveTo(540, 800)
stroke()
restore()"
`;

exports[`rendering regression baseline > produces a stable call stream across the clip 1`] = `
"--- t=0 ---
set:fillStyle("#241f3d")
fillRect(0, 0, 1080, 1920)
save()
save()
beginPath()
moveTo(108, 200)
arcTo(1020, 200, 1020, 1160, 48)
arcTo(1020, 1160, 60, 1160, 48)
arcTo(60, 1160, 60, 200, 48)
arcTo(60, 200, 1020, 200, 48)
closePath()
clip()
set:imageSmoothingEnabled(true)
drawImage(<Object>, 60, 200, 960, 960)
restore()
restore()
save()
translate(540, 1400)
translate(540, 1400)
scale(0.5000, 0.5000)
translate(-540, -1400)
set:globalAlpha(0)
beginPath()
beginPath()
moveTo(-360, -150)
arcTo(400, -150, 400, 150, 40)
arcTo(400, 150, -400, 150, 40)
arcTo(-400, 150, -400, -150, 40)
arcTo(-400, -150, 400, -150, 40)
closePath()
set:fillStyle("#6c4df6")
fill()
restore()
save()
translate(540, 1400)
save()
translate(0, 0)
set:font("400 96px 'Lilita One', sans-serif")
set:textAlign("center")
set:textBaseline("middle")
set:fillStyle("#ffffff")
fillText("Prove it", 0, 0)
restore()
restore()
--- t=300 ---
set:fillStyle("#241f3d")
fillRect(0, 0, 1080, 1920)
save()
save()
beginPath()
moveTo(108, 200)
arcTo(1020, 200, 1020, 1160, 48)
arcTo(1020, 1160, 60, 1160, 48)
arcTo(60, 1160, 60, 200, 48)
arcTo(60, 200, 1020, 200, 48)
closePath()
clip()
set:imageSmoothingEnabled(true)
drawImage(<Object>, 60, 200, 960, 960)
restore()
restore()
save()
translate(540, 1400)
translate(540, 1400)
scale(1.0438, 1.0438)
translate(-540, -1400)
set:globalAlpha(0.7500)
beginPath()
beginPath()
moveTo(-360, -150)
arcTo(400, -150, 400, 150, 40)
arcTo(400, 150, -400, 150, 40)
arcTo(-400, 150, -400, -150, 40)
arcTo(-400, -150, 400, -150, 40)
closePath()
set:fillStyle("#6c4df6")
fill()
restore()
save()
translate(540, 1400)
save()
translate(0, 0)
set:font("400 96px 'Lilita One', sans-serif")
set:textAlign("center")
set:textBaseline("middle")
set:fillStyle("#ffffff")
fillText("Prove it", 0, 0)
restore()
restore()
--- t=700 ---
set:fillStyle("#241f3d")
fillRect(0, 0, 1080, 1920)
save()
save()
beginPath()
moveTo(108, 200)
arcTo(1020, 200, 1020, 1160, 48)
arcTo(1020, 1160, 60, 1160, 48)
arcTo(60, 1160, 60, 200, 48)
arcTo(60, 200, 1020, 200, 48)
closePath()
clip()
set:imageSmoothingEnabled(true)
drawImage(<Object>, 60, 200, 960, 960)
restore()
restore()
save()
translate(540, 1400)
translate(540, 1400)
scale(1, 1)
translate(-540, -1400)
set:globalAlpha(1)
beginPath()
beginPath()
moveTo(-360, -150)
arcTo(400, -150, 400, 150, 40)
arcTo(400, 150, -400, 150, 40)
arcTo(-400, 150, -400, -150, 40)
arcTo(-400, -150, 400, -150, 40)
closePath()
set:fillStyle("#6c4df6")
fill()
restore()
save()
translate(540, 1400)
save()
translate(0, 0)
set:font("400 96px 'Lilita One', sans-serif")
set:textAlign("center")
set:textBaseline("middle")
set:fillStyle("#ffffff")
fillText("Prove it", 0, 0)
restore()
restore()
--- t=1500 ---
set:fillStyle("#241f3d")
fillRect(0, 0, 1080, 1920)
save()
save()
beginPath()
moveTo(108, 200)
arcTo(1020, 200, 1020, 1160, 48)
arcTo(1020, 1160, 60, 1160, 48)
arcTo(60, 1160, 60, 200, 48)
arcTo(60, 200, 1020, 200, 48)
closePath()
clip()
set:imageSmoothingEnabled(true)
drawImage(<Object>, 60, 200, 960, 960)
restore()
restore()
save()
translate(540, 1400)
translate(540, 1400)
scale(1, 1)
translate(-540, -1400)
set:globalAlpha(1)
beginPath()
beginPath()
moveTo(-360, -150)
arcTo(400, -150, 400, 150, 40)
arcTo(400, 150, -400, 150, 40)
arcTo(-400, 150, -400, -150, 40)
arcTo(-400, -150, 400, -150, 40)
closePath()
set:fillStyle("#6c4df6")
fill()
restore()
save()
translate(540, 1400)
save()
translate(0, 0)
set:font("400 96px 'Lilita One', sans-serif")
set:textAlign("center")
set:textBaseline("middle")
set:fillStyle("#ffffff")
fillText("Prove it", 0, 0)
restore()
restore()
--- t=2000 ---
set:fillStyle("#000000")
fillRect(0, 0, 1080, 1920)
save()
translate(540, 1400)
translate(540, 1400)
scale(1, 1)
translate(-540, -1400)
set:globalAlpha(1)
beginPath()
beginPath()
moveTo(-360, -150)
arcTo(400, -150, 400, 150, 40)
arcTo(400, 150, -400, 150, 40)
arcTo(-400, 150, -400, -150, 40)
arcTo(-400, -150, 400, -150, 40)
closePath()
set:fillStyle("#6c4df6")
fill()
restore()
save()
save()
translate(540, 800)
rotate(0)
beginPath()
ellipse(0, 0, 100, 100, 0, 0, 6.2832)
set:strokeStyle("#ffffff")
set:lineWidth(6)
stroke()
restore()
save()
translate(540, 800)
rotate(5.0265)
beginPath()
ellipse(0, 0, 100, 100, 0, 0, 6.2832)
set:strokeStyle("#ffffff")
set:lineWidth(6)
stroke()
restore()
save()
translate(540, 800)
rotate(3.7699)
beginPath()
ellipse(0, 0, 100, 100, 0, 0, 6.2832)
set:strokeStyle("#ffffff")
set:lineWidth(6)
stroke()
restore()
restore()
save()
translate(540, 1560)
set:font("400 84px sans-serif")
set:textAlign("center")
set:textBaseline("middle")
set:fillStyle("#ffffff")
fillText("x0 and counting", 0, 0)
restore()
--- t=2400 ---
set:fillStyle("#000000")
fillRect(0, 0, 1080, 1920)
save()
translate(540, 1400)
translate(540, 1400)
scale(1, 1)
translate(-540, -1400)
set:globalAlpha(1)
beginPath()
beginPath()
moveTo(-360, -150)
arcTo(400, -150, 400, 150, 40)
arcTo(400, 150, -400, 150, 40)
arcTo(-400, 150, -400, -150, 40)
arcTo(-400, -150, 400, -150, 40)
closePath()
set:fillStyle("#6c4df6")
fill()
restore()
save()
save()
translate(540, 800)
rotate(2.5133)
beginPath()
ellipse(0, 0, 100, 100, 0, 0, 6.2832)
set:strokeStyle("#ffffff")
set:lineWidth(6)
stroke()
restore()
save()
translate(540, 800)
rotate(1.2566)
beginPath()
ellipse(0, 0, 100, 100, 0, 0, 6.2832)
set:strokeStyle("#ffffff")
set:lineWidth(6)
stroke()
restore()
save()
translate(540, 800)
rotate(0)
beginPath()
ellipse(0, 0, 100, 100, 0, 0, 6.2832)
set:strokeStyle("#ffffff")
set:lineWidth(6)
stroke()
restore()
restore()
save()
translate(540, 1560)
set:font("400 84px sans-serif")
set:textAlign("center")
set:textBaseline("middle")
set:fillStyle("#ffffff")
fillText("x37 and counting", 0, 0)
restore()
--- t=3000 ---
set:fillStyle("#000000")
fillRect(0, 0, 1080, 1920)
save()
translate(540, 1400)
translate(540, 1400)
scale(1, 1)
translate(-540, -1400)
set:globalAlpha(1)
beginPath()
beginPath()
moveTo(-360, -150)
arcTo(400, -150, 400, 150, 40)
arcTo(400, 150, -400, 150, 40)
arcTo(-400, 150, -400, -150, 40)
arcTo(-400, -150, 400, -150, 40)
closePath()
set:fillStyle("#6c4df6")
fill()
restore()
save()
save()
translate(540, 800)
rotate(0)
beginPath()
ellipse(0, 0, 100, 100, 0, 0, 6.2832)
set:strokeStyle("#ffffff")
set:lineWidth(6)
stroke()
restore()
save()
translate(540, 800)
rotate(5.0265)
beginPath()
ellipse(0, 0, 100, 100, 0, 0, 6.2832)
set:strokeStyle("#ffffff")
set:lineWidth(6)
stroke()
restore()
save()
translate(540, 800)
rotate(3.7699)
beginPath()
ellipse(0, 0, 100, 100, 0, 0, 6.2832)
set:strokeStyle("#ffffff")
set:lineWidth(6)
stroke()
restore()
restore()
save()
translate(540, 1560)
set:font("400 84px sans-serif")
set:textAlign("center")
set:textBaseline("middle")
set:fillStyle("#ffffff")
fillText("x42 and counting", 0, 0)
restore()
--- t=3900 ---
set:fillStyle("#000000")
fillRect(0, 0, 1080, 1920)
save()
translate(540, 1400)
translate(540, 1400)
scale(1, 1)
translate(-540, -1400)
set:globalAlpha(1)
beginPath()
beginPath()
moveTo(-360, -150)
arcTo(400, -150, 400, 150, 40)
arcTo(400, 150, -400, 150, 40)
arcTo(-400, 150, -400, -150, 40)
arcTo(-400, -150, 400, -150, 40)
closePath()
set:fillStyle("#6c4df6")
fill()
restore()
save()
save()
translate(540, 800)
rotate(5.6549)
beginPath()
ellipse(0, 0, 100, 100, 0, 0, 6.2832)
set:strokeStyle("#ffffff")
set:lineWidth(6)
stroke()
restore()
save()
translate(540, 800)
rotate(4.3982)
beginPath()
ellipse(0, 0, 100, 100, 0, 0, 6.2832)
set:strokeStyle("#ffffff")
set:lineWidth(6)
stroke()
restore()
save()
translate(540, 800)
rotate(3.1416)
beginPath()
ellipse(0, 0, 100, 100, 0, 0, 6.2832)
set:strokeStyle("#ffffff")
set:lineWidth(6)
stroke()
restore()
restore()
save()
translate(540, 1560)
set:font("400 84px sans-serif")
set:textAlign("center")
set:textBaseline("middle")
set:fillStyle("#ffffff")
fillText("x42 and counting", 0, 0)
restore()"
`;
